
> @mohasinac/appkit@2.0.2 build
> cross-env BUILD_BATCH=1 tsup && cross-env BUILD_BATCH=2 tsup && cross-env BUILD_BATCH=3 tsup && cross-env BUILD_BATCH=4 tsup && cross-env BUILD_BATCH=5 tsup && cross-env BUILD_BATCH=6 tsup && cross-env BUILD_BATCH=7 tsup && cross-env BUILD_BATCH=8 tsup && cross-env BUILD_BATCH=9 tsup

[34mCLI[39m Building entry: {"index":"src/index.ts","contracts/index":"src/contracts/index.ts","core/index":"src/core/index.ts","http/index":"src/http/index.ts","errors/index":"src/errors/index.ts","utils/index":"src/utils/index.ts","validation/index":"src/validation/index.ts","tokens/index":"src/tokens/index.ts","next/index":"src/next/index.ts","security/index":"src/security/index.ts","seo/index":"src/seo/index.ts","monitoring/index":"src/monitoring/index.ts","instrumentation/index":"src/instrumentation/index.ts","style/tailwind/index":"src/style/tailwind/index.ts","style/vanilla/index":"src/style/vanilla/index.ts"}
[34mCLI[39m Using tsconfig: tsconfig.json
[34mCLI[39m tsup v8.5.1
[34mCLI[39m Using tsup config: D:\proj\appkit\tsup.config.ts
[34mCLI[39m Target: es2017
[34mCLI[39m Cleaning output folder
[34mESM[39m Build start
[34mCJS[39m Build start
[34mDTS[39m Build start
[32mESM[39m [1mdist\security\index.js            [22m[32m699.00 B[39m
[32mESM[39m [1mdist\style\tailwind\index.js      [22m[32m1016.00 B[39m
[32mESM[39m [1mdist\style\vanilla\index.js       [22m[32m1011.00 B[39m
[32mESM[39m [1mdist\seo\index.js                 [22m[32m286.00 B[39m
[32mESM[39m [1mdist\chunk-PYGRPKUN.js            [22m[32m4.55 KB[39m
[32mESM[39m [1mdist\instrumentation\index.js     [22m[32m349.00 B[39m
[32mESM[39m [1mdist\index.js                     [22m[32m3.91 KB[39m
[32mESM[39m [1mdist\chunk-EEMSMWIZ.js            [22m[32m17.94 KB[39m
[32mESM[39m [1mdist\monitoring\index.js          [22m[32m416.00 B[39m
[32mESM[39m [1mdist\next\index.js                [22m[32m14.96 KB[39m
[32mESM[39m [1mdist\chunk-QSFJXVSD.js            [22m[32m4.10 KB[39m
[32mESM[39m [1mdist\contracts\index.js           [22m[32m277.00 B[39m
[32mESM[39m [1mdist\core\index.js                [22m[32m240.00 B[39m
[32mESM[39m [1mdist\chunk-PAHR3D5L.js            [22m[32m1.62 KB[39m
[32mESM[39m [1mdist\errors\index.js              [22m[32m312.00 B[39m
[32mESM[39m [1mdist\chunk-GLTQ2CFY.js            [22m[32m13.59 KB[39m
[32mESM[39m [1mdist\http\index.js                [22m[32m175.00 B[39m
[32mESM[39m [1mdist\tokens\index.js              [22m[32m241.00 B[39m
[32mESM[39m [1mdist\chunk-K4C5Z22R.js            [22m[32m5.14 KB[39m
[32mESM[39m [1mdist\chunk-IE5L2QHV.js            [22m[32m6.47 KB[39m
[32mESM[39m [1mdist\validation\index.js          [22m[32m713.00 B[39m
[32mESM[39m [1mdist\chunk-ND2K7L5I.js            [22m[32m11.05 KB[39m
[32mESM[39m [1mdist\utils\index.js               [22m[32m1.53 KB[39m
[32mESM[39m [1mdist\chunk-S7YS5QTU.js            [22m[32m32.12 KB[39m
[32mESM[39m [1mdist\chunk-G6ATVCOC.js            [22m[32m26.08 KB[39m
[32mESM[39m [1mdist\chunk-2NMEKWO5.js            [22m[32m1.38 KB[39m
[32mESM[39m [1mdist\style\tailwind\index.js.map  [22m[32m2.68 KB[39m
[32mESM[39m [1mdist\chunk-PYGRPKUN.js.map        [22m[32m10.90 KB[39m
[32mESM[39m [1mdist\instrumentation\index.js.map [22m[32m3.08 KB[39m
[32mESM[39m [1mdist\style\vanilla\index.js.map   [22m[32m2.36 KB[39m
[32mESM[39m [1mdist\security\index.js.map        [22m[32m69.00 B[39m
[32mESM[39m [1mdist\monitoring\index.js.map      [22m[32m69.00 B[39m
[32mESM[39m [1mdist\index.js.map                 [22m[32m69.00 B[39m
[32mESM[39m [1mdist\chunk-QSFJXVSD.js.map        [22m[32m9.37 KB[39m
[32mESM[39m [1mdist\chunk-EEMSMWIZ.js.map        [22m[32m49.12 KB[39m
[32mESM[39m [1mdist\contracts\index.js.map       [22m[32m69.00 B[39m
[32mESM[39m [1mdist\next\index.js.map            [22m[32m46.04 KB[39m
[32mESM[39m [1mdist\errors\index.js.map          [22m[32m69.00 B[39m
[32mESM[39m [1mdist\chunk-GLTQ2CFY.js.map        [22m[32m35.59 KB[39m
[32mESM[39m [1mdist\core\index.js.map            [22m[32m69.00 B[39m
[32mESM[39m [1mdist\seo\index.js.map             [22m[32m69.00 B[39m
[32mESM[39m [1mdist\http\index.js.map            [22m[32m69.00 B[39m
[32mESM[39m [1mdist\tokens\index.js.map          [22m[32m69.00 B[39m
[32mESM[39m [1mdist\chunk-PAHR3D5L.js.map        [22m[32m7.84 KB[39m
[32mESM[39m [1mdist\validation\index.js.map      [22m[32m69.00 B[39m
[32mESM[39m [1mdist\utils\index.js.map           [22m[32m69.00 B[39m
[32mESM[39m [1mdist\chunk-K4C5Z22R.js.map        [22m[32m12.33 KB[39m
[32mESM[39m [1mdist\chunk-IE5L2QHV.js.map        [22m[32m12.74 KB[39m
[32mESM[39m [1mdist\chunk-ND2K7L5I.js.map        [22m[32m25.98 KB[39m
[32mESM[39m [1mdist\chunk-G6ATVCOC.js.map        [22m[32m46.01 KB[39m
[32mESM[39m [1mdist\chunk-2NMEKWO5.js.map        [22m[32m78.00 B[39m
[32mESM[39m [1mdist\chunk-S7YS5QTU.js.map        [22m[32m81.27 KB[39m
[32mESM[39m ÔÜí´©Å Build success in 622ms
[32mCJS[39m [1mdist\security\index.cjs            [22m[32m4.59 KB[39m
[32mCJS[39m [1mdist\seo\index.cjs                 [22m[32m1.41 KB[39m
[32mCJS[39m [1mdist\instrumentation\index.cjs     [22m[32m390.00 B[39m
[32mCJS[39m [1mdist\monitoring\index.cjs          [22m[32m2.39 KB[39m
[32mCJS[39m [1mdist\contracts\index.cjs           [22m[32m1.18 KB[39m
[32mCJS[39m [1mdist\core\index.cjs                [22m[32m1.32 KB[39m
[32mCJS[39m [1mdist\index.cjs                     [22m[32m31.38 KB[39m
[32mCJS[39m [1mdist\chunk-LFOSXJKE.cjs            [22m[32m4.52 KB[39m
[32mCJS[39m [1mdist\style\tailwind\index.cjs      [22m[32m1.07 KB[39m
[32mCJS[39m [1mdist\style\vanilla\index.cjs       [22m[32m1.05 KB[39m
[32mCJS[39m [1mdist\chunk-FJEY6LN2.cjs            [22m[32m1.94 KB[39m
[32mCJS[39m [1mdist\http\index.cjs                [22m[32m576.00 B[39m
[32mCJS[39m [1mdist\next\index.cjs                [22m[32m15.63 KB[39m
[32mCJS[39m [1mdist\chunk-CABEX5IV.cjs            [22m[32m4.84 KB[39m
[32mCJS[39m [1mdist\errors\index.cjs              [22m[32m1.77 KB[39m
[32mCJS[39m [1mdist\utils\index.cjs               [22m[32m12.90 KB[39m
[32mCJS[39m [1mdist\chunk-ULLW73KN.cjs            [22m[32m6.82 KB[39m
[32mCJS[39m [1mdist\chunk-AZ2XDBYA.cjs            [22m[32m5.50 KB[39m
[32mCJS[39m [1mdist\tokens\index.cjs              [22m[32m1.32 KB[39m
[32mCJS[39m [1mdist\validation\index.cjs          [22m[32m5.06 KB[39m
[32mCJS[39m [1mdist\chunk-WKVCFDEA.cjs            [22m[32m18.95 KB[39m
[32mCJS[39m [1mdist\chunk-X5N66WQO.cjs            [22m[32m13.78 KB[39m
[32mCJS[39m [1mdist\chunk-HPACTTJG.cjs            [22m[32m12.02 KB[39m
[32mCJS[39m [1mdist\chunk-S367Y35J.cjs            [22m[32m1.45 KB[39m
[32mCJS[39m [1mdist\chunk-6UG3QAQE.cjs            [22m[32m26.27 KB[39m
[32mCJS[39m [1mdist\chunk-X3ZFAUWX.cjs            [22m[32m34.39 KB[39m
[32mCJS[39m [1mdist\seo\index.cjs.map             [22m[32m70.00 B[39m
[32mCJS[39m [1mdist\security\index.cjs.map        [22m[32m70.00 B[39m
[32mCJS[39m [1mdist\instrumentation\index.cjs.map [22m[32m3.09 KB[39m
[32mCJS[39m [1mdist\monitoring\index.cjs.map      [22m[32m70.00 B[39m
[32mCJS[39m [1mdist\contracts\index.cjs.map       [22m[32m70.00 B[39m
[32mCJS[39m [1mdist\core\index.cjs.map            [22m[32m70.00 B[39m
[32mCJS[39m [1mdist\style\vanilla\index.cjs.map   [22m[32m2.37 KB[39m
[32mCJS[39m [1mdist\index.cjs.map                 [22m[32m70.00 B[39m
[32mCJS[39m [1mdist\http\index.cjs.map            [22m[32m70.00 B[39m
[32mCJS[39m [1mdist\style\tailwind\index.cjs.map  [22m[32m2.69 KB[39m
[32mCJS[39m [1mdist\chunk-LFOSXJKE.cjs.map        [22m[32m9.37 KB[39m
[32mCJS[39m [1mdist\utils\index.cjs.map           [22m[32m70.00 B[39m
[32mCJS[39m [1mdist\chunk-FJEY6LN2.cjs.map        [22m[32m7.89 KB[39m
[32mCJS[39m [1mdist\errors\index.cjs.map          [22m[32m70.00 B[39m
[32mCJS[39m [1mdist\chunk-CABEX5IV.cjs.map        [22m[32m10.92 KB[39m
[32mCJS[39m [1mdist\next\index.cjs.map            [22m[32m46.15 KB[39m
[32mCJS[39m [1mdist\tokens\index.cjs.map          [22m[32m70.00 B[39m
[32mCJS[39m [1mdist\validation\index.cjs.map      [22m[32m70.00 B[39m
[32mCJS[39m [1mdist\chunk-ULLW73KN.cjs.map        [22m[32m12.80 KB[39m
[32mCJS[39m [1mdist\chunk-WKVCFDEA.cjs.map        [22m[32m49.25 KB[39m
[32mCJS[39m [1mdist\chunk-AZ2XDBYA.cjs.map        [22m[32m12.40 KB[39m
[32mCJS[39m [1mdist\chunk-X5N66WQO.cjs.map        [22m[32m35.59 KB[39m
[32mCJS[39m [1mdist\chunk-HPACTTJG.cjs.map        [22m[32m26.00 KB[39m
[32mCJS[39m [1mdist\chunk-S367Y35J.cjs.map        [22m[32m79.00 B[39m
[32mCJS[39m [1mdist\chunk-6UG3QAQE.cjs.map        [22m[32m46.02 KB[39m
[32mCJS[39m [1mdist\chunk-X3ZFAUWX.cjs.map        [22m[32m81.30 KB[39m
[32mCJS[39m ÔÜí´©Å Build success in 623ms
[32mDTS[39m ÔÜí´©Å Build success in 11911ms
[32mDTS[39m [1mdist\index.d.ts                  [22m[32m5.57 KB[39m
[32mDTS[39m [1mdist\tokens\index.d.ts           [22m[32m36.86 KB[39m
[32mDTS[39m [1mdist\instrumentation\index.d.ts  [22m[32m2.43 KB[39m
[32mDTS[39m [1mdist\style\tailwind\index.d.ts   [22m[32m1.17 KB[39m
[32mDTS[39m [1mdist\style\vanilla\index.d.ts    [22m[32m956.00 B[39m
[32mDTS[39m [1mdist\next\index.d.ts             [22m[32m14.56 KB[39m
[32mDTS[39m [1mdist\contracts\index.d.ts        [22m[32m26.86 KB[39m
[32mDTS[39m [1mdist\core\index.d.ts             [22m[32m6.25 KB[39m
[32mDTS[39m [1mdist\http\index.d.ts             [22m[32m2.31 KB[39m
[32mDTS[39m [1mdist\errors\index.d.ts           [22m[32m3.41 KB[39m
[32mDTS[39m [1mdist\utils\index.d.ts            [22m[32m14.14 KB[39m
[32mDTS[39m [1mdist\validation\index.d.ts       [22m[32m4.90 KB[39m
[32mDTS[39m [1mdist\security\index.d.ts         [22m[32m11.35 KB[39m
[32mDTS[39m [1mdist\seo\index.d.ts              [22m[32m2.23 KB[39m
[32mDTS[39m [1mdist\monitoring\index.d.ts       [22m[32m2.80 KB[39m
[32mDTS[39m [1mdist\style-BOBSHBJ8.d.ts         [22m[32m789.00 B[39m
[32mDTS[39m [1mdist\index.d.cts                 [22m[32m5.58 KB[39m
[32mDTS[39m [1mdist\tokens\index.d.cts          [22m[32m36.86 KB[39m
[32mDTS[39m [1mdist\instrumentation\index.d.cts [22m[32m2.43 KB[39m
[32mDTS[39m [1mdist\style\tailwind\index.d.cts  [22m[32m1.17 KB[39m
[32mDTS[39m [1mdist\style\vanilla\index.d.cts   [22m[32m957.00 B[39m
[32mDTS[39m [1mdist\next\index.d.cts            [22m[32m14.56 KB[39m
[32mDTS[39m [1mdist\contracts\index.d.cts       [22m[32m26.86 KB[39m
[32mDTS[39m [1mdist\core\index.d.cts            [22m[32m6.25 KB[39m
[32mDTS[39m [1mdist\http\index.d.cts            [22m[32m2.31 KB[39m
[32mDTS[39m [1mdist\errors\index.d.cts          [22m[32m3.41 KB[39m
[32mDTS[39m [1mdist\utils\index.d.cts           [22m[32m14.14 KB[39m
[32mDTS[39m [1mdist\validation\index.d.cts      [22m[32m4.90 KB[39m
[32mDTS[39m [1mdist\security\index.d.cts        [22m[32m11.35 KB[39m
[32mDTS[39m [1mdist\seo\index.d.cts             [22m[32m2.23 KB[39m
[32mDTS[39m [1mdist\monitoring\index.d.cts      [22m[32m2.80 KB[39m
[32mDTS[39m [1mdist\style-BOBSHBJ8.d.cts        [22m[32m789.00 B[39m
[34mCLI[39m Building entry: {"providers/db-firebase/index":"src/providers/db-firebase/index.ts","providers/auth-firebase/index":"src/providers/auth-firebase/index.ts","providers/email-resend/index":"src/providers/email-resend/index.ts","providers/storage-firebase/index":"src/providers/storage-firebase/index.ts","providers/payment-razorpay/index":"src/providers/payment-razorpay/index.ts","providers/search-algolia/index":"src/providers/search-algolia/index.ts","providers/shipping-shiprocket/index":"src/providers/shipping-shiprocket/index.ts"}
[34mCLI[39m Using tsconfig: tsconfig.json
[34mCLI[39m tsup v8.5.1
[34mCLI[39m Using tsup config: D:\proj\appkit\tsup.config.ts
[34mCLI[39m Target: es2017
[34mESM[39m Build start
[34mCJS[39m Build start
node.exe : "getFirestore" is imported from external module 
"firebase-admin/firestore" but never used in 
"dist/providers/auth-firebase/index.js".
At C:\Program Files\nodejs\npm.ps1:29 char:3
+   & $NODE_EXE $NPM_CLI_JS $args
+   ~~~~~~~~~~~~~~~~~~~~~~~~~~~~~
    + CategoryInfo          : NotSpecified: ("getFirestore" ...base/index.js". 
   :String) [], RemoteException
    + FullyQualifiedErrorId : NativeCommandError
 
"getStorage" is imported from external module "firebase-admin/storage" but 
never used in "dist/providers/auth-firebase/index.js".
"getDatabase" is imported from external module "firebase-admin/database" but 
never used in "dist/providers/auth-firebase/index.js".
"SieveProcessorBase" is imported from external module 
"@mohasinac/sievejs/services" but never used in 
"dist/providers/auth-firebase/index.js".
"createFirebaseAdapter" is imported from external module 
"@mohasinac/sievejs/adapters/firebase" but never used in 
"dist/providers/auth-firebase/index.js".
"getAuth" is imported from external module "firebase-admin/auth" but never 
used in "dist/providers/storage-firebase/index.js".
"getFirestore" is imported from external module "firebase-admin/firestore" but 
never used in "dist/providers/storage-firebase/index.js".
"getDatabase" is imported from external module "firebase-admin/database" but 
never used in "dist/providers/storage-firebase/index.js".
"SieveProcessorBase" is imported from external module 
"@mohasinac/sievejs/services" but never used in 
"dist/providers/storage-firebase/index.js".
"createFirebaseAdapter" is imported from external module 
"@mohasinac/sievejs/adapters/firebase" but never used in 
"dist/providers/storage-firebase/index.js".
"getAuth" is imported from external module "firebase-admin/auth" but never 
used in "dist/providers/storage-firebase/index.cjs".
"getFirestore" is imported from external module "firebase-admin/firestore" but 
never used in "dist/providers/storage-firebase/index.cjs".
"getDatabase" is imported from external module "firebase-admin/database" but 
never used in "dist/providers/storage-firebase/index.cjs".
"SieveProcessorBase" is imported from external module 
"@mohasinac/sievejs/services" but never used in 
"dist/providers/storage-firebase/index.cjs".
"createFirebaseAdapter" is imported from external module 
"@mohasinac/sievejs/adapters/firebase" but never used in 
"dist/providers/storage-firebase/index.cjs".
"getFirestore" is imported from external module "firebase-admin/firestore" but 
never used in "dist/providers/auth-firebase/index.cjs".
"getStorage" is imported from external module "firebase-admin/storage" but 
never used in "dist/providers/auth-firebase/index.cjs".
"getDatabase" is imported from external module "firebase-admin/database" but 
never used in "dist/providers/auth-firebase/index.cjs".
"SieveProcessorBase" is imported from external module 
"@mohasinac/sievejs/services" but never used in 
"dist/providers/auth-firebase/index.cjs".
"createFirebaseAdapter" is imported from external module 
"@mohasinac/sievejs/adapters/firebase" but never used in 
"dist/providers/auth-firebase/index.cjs".
[32mESM[39m [1mdist\providers\search-algolia\index.js          [22m[32m10.97 KB[39m
[32mESM[39m [1mdist\providers\payment-razorpay\index.js        [22m[32m3.26 KB[39m
[32mESM[39m [1mdist\providers\auth-firebase\index.js           [22m[32m12.03 KB[39m
[32mESM[39m [1mdist\providers\db-firebase\index.js             [22m[32m17.26 KB[39m
[32mESM[39m [1mdist\providers\storage-firebase\index.js        [22m[32m5.71 KB[39m
[32mESM[39m [1mdist\providers\shipping-shiprocket\index.js     [22m[32m4.72 KB[39m
[32mESM[39m [1mdist\providers\email-resend\index.js            [22m[32m2.03 KB[39m
[32mESM[39m [1mdist\providers\search-algolia\index.js.map      [22m[32m27.60 KB[39m
[32mESM[39m [1mdist\providers\payment-razorpay\index.js.map    [22m[32m8.93 KB[39m
[32mESM[39m [1mdist\providers\auth-firebase\index.js.map       [22m[32m30.09 KB[39m
[32mESM[39m [1mdist\providers\storage-firebase\index.js.map    [22m[32m16.14 KB[39m
[32mESM[39m [1mdist\providers\db-firebase\index.js.map         [22m[32m45.38 KB[39m
[32mESM[39m [1mdist\providers\shipping-shiprocket\index.js.map [22m[32m14.33 KB[39m
[32mESM[39m [1mdist\providers\email-resend\index.js.map        [22m[32m5.46 KB[39m
[32mESM[39m ÔÜí´©Å Build success in 354ms
[32mCJS[39m [1mdist\providers\storage-firebase\index.cjs        [22m[32m6.35 KB[39m
[32mCJS[39m [1mdist\providers\db-firebase\index.cjs             [22m[32m18.23 KB[39m
[32mCJS[39m [1mdist\providers\search-algolia\index.cjs          [22m[32m11.59 KB[39m
[32mCJS[39m [1mdist\providers\auth-firebase\index.cjs           [22m[32m12.86 KB[39m
[32mCJS[39m [1mdist\providers\payment-razorpay\index.cjs        [22m[32m3.54 KB[39m
[32mCJS[39m [1mdist\providers\email-resend\index.cjs            [22m[32m2.08 KB[39m
[32mCJS[39m [1mdist\providers\shipping-shiprocket\index.cjs     [22m[32m5.10 KB[39m
[32mCJS[39m [1mdist\providers\storage-firebase\index.cjs.map    [22m[32m16.25 KB[39m
[32mCJS[39m [1mdist\providers\db-firebase\index.cjs.map         [22m[32m45.58 KB[39m
[32mCJS[39m [1mdist\providers\search-algolia\index.cjs.map      [22m[32m27.63 KB[39m
[32mCJS[39m [1mdist\providers\auth-firebase\index.cjs.map       [22m[32m30.20 KB[39m
[32mCJS[39m [1mdist\providers\payment-razorpay\index.cjs.map    [22m[32m8.99 KB[39m
[32mCJS[39m [1mdist\providers\email-resend\index.cjs.map        [22m[32m5.49 KB[39m
[32mCJS[39m [1mdist\providers\shipping-shiprocket\index.cjs.map [22m[32m14.34 KB[39m
[32mCJS[39m ÔÜí´©Å Build success in 355ms
[34mDTS[39m Build start
[32mDTS[39m ÔÜí´©Å Build success in 8269ms
[32mDTS[39m [1mdist\providers\db-firebase\index.d.ts          [22m[32m10.20 KB[39m
[32mDTS[39m [1mdist\providers\auth-firebase\index.d.ts        [22m[32m4.75 KB[39m
[32mDTS[39m [1mdist\providers\email-resend\index.d.ts         [22m[32m2.01 KB[39m
[32mDTS[39m [1mdist\providers\storage-firebase\index.d.ts     [22m[32m1.57 KB[39m
[32mDTS[39m [1mdist\providers\payment-razorpay\index.d.ts     [22m[32m3.22 KB[39m
[32mDTS[39m [1mdist\providers\search-algolia\index.d.ts       [22m[32m7.14 KB[39m
[32mDTS[39m [1mdist\providers\shipping-shiprocket\index.d.ts  [22m[32m7.65 KB[39m
[32mDTS[39m [1mdist\providers\db-firebase\index.d.cts         [22m[32m10.20 KB[39m
[32mDTS[39m [1mdist\providers\auth-firebase\index.d.cts       [22m[32m4.75 KB[39m
[32mDTS[39m [1mdist\providers\email-resend\index.d.cts        [22m[32m2.01 KB[39m
[32mDTS[39m [1mdist\providers\storage-firebase\index.d.cts    [22m[32m1.57 KB[39m
[32mDTS[39m [1mdist\providers\payment-razorpay\index.d.cts    [22m[32m3.22 KB[39m
[32mDTS[39m [1mdist\providers\search-algolia\index.d.cts      [22m[32m7.14 KB[39m
[32mDTS[39m [1mdist\providers\shipping-shiprocket\index.d.cts [22m[32m7.65 KB[39m
[34mCLI[39m Building entry: {"features/layout/index":"src/features/layout/index.ts","features/forms/index":"src/features/forms/index.ts","features/filters/index":"src/features/filters/index.ts","features/media/index":"src/features/media/index.ts","features/auth/index":"src/features/auth/index.ts","features/account/index":"src/features/account/index.ts","features/admin/index":"src/features/admin/index.ts","features/cms/index":"src/features/cms/index.ts","features/blog/index":"src/features/blog/index.ts"}
[34mCLI[39m Using tsconfig: tsconfig.json
[34mCLI[39m tsup v8.5.1
[34mCLI[39m Using tsup config: D:\proj\appkit\tsup.config.ts
[34mCLI[39m Target: es2017
[34mESM[39m Build start
[34mCJS[39m Build start
[34mDTS[39m Build start
dist/features/media/index.js (1:0): Module level directives cause errors when 
bundled, "use client" in "dist/features/media/index.js" was ignored.
"useMemo" is imported from external module "react" but never used in 
"dist/features/media/index.js".
"useRouter", "usePathname" and "useSearchParams" are imported from external 
module "next/navigation" but never used in "dist/features/media/index.js".
"NextResponse" is imported from external module "next/server" but never used 
in "dist/chunk-FUBSCT5X.js".
Generated an empty chunk: "index".
"useMemo" is imported from external module "react" but never used in 
"dist/chunk-6VFMM4C2.js".
"Fragment" is imported from external module "react/jsx-runtime" but never used 
in "dist/chunk-6VFMM4C2.js".
"default" is imported from external module "next/link" but never used in 
"dist/chunk-6VFMM4C2.js".
"NextResponse" is imported from external module "next/server" but never used 
in "dist/chunk-45TTV5HI.cjs".
Generated an empty chunk: "index".
dist/features/media/index.cjs (1:0): Module level directives cause errors when 
bundled, "use client" in "dist/features/media/index.cjs" was ignored.
"useMemo" is imported from external module "react" but never used in 
"dist/features/media/index.cjs".
"useRouter", "usePathname" and "useSearchParams" are imported from external 
module "next/navigation" but never used in "dist/features/media/index.cjs".
"useMemo" is imported from external module "react" but never used in 
"dist/chunk-YS5LV5Y5.cjs".
"Fragment" is imported from external module "react/jsx-runtime" but never used 
in "dist/chunk-YS5LV5Y5.cjs".
"default" is imported from external module "next/link" but never used in 
"dist/chunk-YS5LV5Y5.cjs".
[32mESM[39m [1mdist\features\forms\index.js       [22m[32m21.90 KB[39m
[32mESM[39m [1mdist\features\blog\index.js        [22m[32m24.70 KB[39m
[32mESM[39m [1mdist\features\layout\index.js      [22m[32m43.93 KB[39m
[32mESM[39m [1mdist\features\admin\index.js       [22m[32m13.17 KB[39m
[32mESM[39m [1mdist\features\cms\index.js         [22m[32m68.00 B[39m
[32mESM[39m [1mdist\chunk-LVMS2J4I.js             [22m[32m5.11 KB[39m
[32mESM[39m [1mdist\features\media\index.js       [22m[32m62.93 KB[39m
[32mESM[39m [1mdist\features\auth\index.js        [22m[32m32.60 KB[39m
[32mESM[39m [1mdist\features\account\index.js     [22m[32m6.90 KB[39m
[32mESM[39m [1mdist\chunk-FUBSCT5X.js             [22m[32m11.34 KB[39m
[32mESM[39m [1mdist\features\filters\index.js     [22m[32m25.10 KB[39m
[32mESM[39m [1mdist\chunk-6VFMM4C2.js             [22m[32m42.57 KB[39m
[32mESM[39m [1mdist\features\cms\index.js.map     [22m[32m69.00 B[39m
[32mESM[39m [1mdist\features\blog\index.js.map    [22m[32m56.31 KB[39m
[32mESM[39m [1mdist\chunk-LVMS2J4I.js.map         [22m[32m12.34 KB[39m
[32mESM[39m [1mdist\features\forms\index.js.map   [22m[32m42.42 KB[39m
[32mESM[39m [1mdist\features\admin\index.js.map   [22m[32m31.27 KB[39m
[32mESM[39m [1mdist\features\media\index.js.map   [22m[32m141.94 KB[39m
[32mESM[39m [1mdist\features\layout\index.js.map  [22m[32m82.78 KB[39m
[32mESM[39m [1mdist\features\auth\index.js.map    [22m[32m62.98 KB[39m
[32mESM[39m [1mdist\features\account\index.js.map [22m[32m16.18 KB[39m
[32mESM[39m [1mdist\features\filters\index.js.map [22m[32m45.96 KB[39m
[32mESM[39m [1mdist\chunk-FUBSCT5X.js.map         [22m[32m35.15 KB[39m
[32mESM[39m [1mdist\chunk-6VFMM4C2.js.map         [22m[32m109.69 KB[39m
[32mESM[39m ÔÜí´©Å Build success in 1737ms
[32mCJS[39m [1mdist\features\blog\index.cjs        [22m[32m27.72 KB[39m
[32mCJS[39m [1mdist\features\forms\index.cjs       [22m[32m24.09 KB[39m
[32mCJS[39m [1mdist\features\filters\index.cjs     [22m[32m26.98 KB[39m
[32mCJS[39m [1mdist\features\admin\index.cjs       [22m[32m14.16 KB[39m
[32mCJS[39m [1mdist\features\auth\index.cjs        [22m[32m36.14 KB[39m
[32mCJS[39m [1mdist\features\layout\index.cjs      [22m[32m48.52 KB[39m
[32mCJS[39m [1mdist\chunk-5IA5HZFE.cjs             [22m[32m5.43 KB[39m
[32mCJS[39m [1mdist\features\account\index.cjs     [22m[32m7.81 KB[39m
[32mCJS[39m [1mdist\features\cms\index.cjs         [22m[32m84.00 B[39m
[32mCJS[39m [1mdist\chunk-45TTV5HI.cjs             [22m[32m11.44 KB[39m
[32mCJS[39m [1mdist\features\media\index.cjs       [22m[32m68.48 KB[39m
[32mCJS[39m [1mdist\chunk-YS5LV5Y5.cjs             [22m[32m44.20 KB[39m
[32mCJS[39m [1mdist\features\filters\index.cjs.map [22m[32m46.13 KB[39m
[32mCJS[39m [1mdist\features\forms\index.cjs.map   [22m[32m42.61 KB[39m
[32mCJS[39m [1mdist\features\blog\index.cjs.map    [22m[32m56.68 KB[39m
[32mCJS[39m [1mdist\features\layout\index.cjs.map  [22m[32m83.32 KB[39m
[32mCJS[39m [1mdist\features\account\index.cjs.map [22m[32m16.35 KB[39m
[32mCJS[39m [1mdist\chunk-5IA5HZFE.cjs.map         [22m[32m12.41 KB[39m
[32mCJS[39m [1mdist\features\auth\index.cjs.map    [22m[32m63.38 KB[39m
[32mCJS[39m [1mdist\features\cms\index.cjs.map     [22m[32m70.00 B[39m
[32mCJS[39m [1mdist\features\admin\index.cjs.map   [22m[32m31.42 KB[39m
[32mCJS[39m [1mdist\chunk-45TTV5HI.cjs.map         [22m[32m35.21 KB[39m
[32mCJS[39m [1mdist\features\media\index.cjs.map   [22m[32m142.61 KB[39m
[32mCJS[39m [1mdist\chunk-YS5LV5Y5.cjs.map         [22m[32m109.81 KB[39m
[32mCJS[39m ÔÜí´©Å Build success in 1739ms
[32mDTS[39m ÔÜí´©Å Build success in 22780ms
[32mDTS[39m [1mdist\features\cms\index.d.ts      [22m[32m13.00 B[39m
[32mDTS[39m [1mdist\features\filters\index.d.ts  [22m[32m4.44 KB[39m
[32mDTS[39m [1mdist\features\account\index.d.ts  [22m[32m9.45 KB[39m
[32mDTS[39m [1mdist\features\forms\index.d.ts    [22m[32m5.43 KB[39m
[32mDTS[39m [1mdist\features\admin\index.d.ts    [22m[32m4.08 KB[39m
[32mDTS[39m [1mdist\features\blog\index.d.ts     [22m[32m11.57 KB[39m
[32mDTS[39m [1mdist\features\layout\index.d.ts   [22m[32m11.40 KB[39m
[32mDTS[39m [1mdist\features\media\index.d.ts    [22m[32m11.58 KB[39m
[32mDTS[39m [1mdist\features\auth\index.d.ts     [22m[32m10.54 KB[39m
[32mDTS[39m [1mdist\repository-jKU_Ji1P.d.ts     [22m[32m1.62 KB[39m
[32mDTS[39m [1mdist\extend-D_0wzsse.d.ts         [22m[32m3.00 KB[39m
[32mDTS[39m [1mdist\feature-RWXQ_lnf.d.ts        [22m[32m1.36 KB[39m
[32mDTS[39m [1mdist\features\cms\index.d.cts     [22m[32m13.00 B[39m
[32mDTS[39m [1mdist\features\filters\index.d.cts [22m[32m4.44 KB[39m
[32mDTS[39m [1mdist\features\account\index.d.cts [22m[32m9.45 KB[39m
[32mDTS[39m [1mdist\features\forms\index.d.cts   [22m[32m5.43 KB[39m
[32mDTS[39m [1mdist\features\admin\index.d.cts   [22m[32m4.08 KB[39m
[32mDTS[39m [1mdist\features\blog\index.d.cts    [22m[32m11.57 KB[39m
[32mDTS[39m [1mdist\features\layout\index.d.cts  [22m[32m11.40 KB[39m
[32mDTS[39m [1mdist\features\media\index.d.cts   [22m[32m11.58 KB[39m
[32mDTS[39m [1mdist\features\auth\index.d.cts    [22m[32m10.54 KB[39m
[32mDTS[39m [1mdist\repository-jKU_Ji1P.d.cts    [22m[32m1.62 KB[39m
[32mDTS[39m [1mdist\extend-D_0wzsse.d.cts        [22m[32m3.00 KB[39m
[32mDTS[39m [1mdist\feature-RWXQ_lnf.d.cts       [22m[32m1.36 KB[39m
[34mCLI[39m Building entry: {"features/cart/index":"src/features/cart/index.ts","features/categories/index":"src/features/categories/index.ts","features/checkout/index":"src/features/checkout/index.ts","features/collections/index":"src/features/collections/index.ts","features/consultation/index":"src/features/consultation/index.ts","features/corporate/index":"src/features/corporate/index.ts","features/events/index":"src/features/events/index.ts","features/faq/index":"src/features/faq/index.ts","features/homepage/index":"src/features/homepage/index.ts"}
[34mCLI[39m Using tsconfig: tsconfig.json
[34mCLI[39m tsup v8.5.1
[34mCLI[39m Using tsup config: D:\proj\appkit\tsup.config.ts
[34mCLI[39m Target: es2017
[34mESM[39m Build start
[34mCJS[39m Build start
[34mDTS[39m Build start
"useMutation" is imported from external module "@tanstack/react-query" but 
never used in "dist/features/homepage/index.cjs".
"useMemo" is imported from external module "react" but never used in 
"dist/features/homepage/index.cjs".
"useRouter", "usePathname" and "useSearchParams" are imported from external 
module "next/navigation" but never used in "dist/features/homepage/index.cjs".
"NextResponse" is imported from external module "next/server" but never used 
in "dist/chunk-SDO22I4Q.cjs".
"useMemo" is imported from external module "react" but never used in 
"dist/chunk-LGHAZSD7.cjs".
"Fragment" is imported from external module "react/jsx-runtime" but never used 
in "dist/chunk-LGHAZSD7.cjs".
"createPortal" is imported from external module "react-dom" but never used in 
"dist/chunk-LGHAZSD7.cjs".
"NextResponse" is imported from external module "next/server" but never used 
in "dist/chunk-CJDY2NKK.js".
"useMutation" is imported from external module "@tanstack/react-query" but 
never used in "dist/features/homepage/index.js".
"useMemo" is imported from external module "react" but never used in 
"dist/features/homepage/index.js".
"useRouter", "usePathname" and "useSearchParams" are imported from external 
module "next/navigation" but never used in "dist/features/homepage/index.js".
"useMemo" is imported from external module "react" but never used in 
"dist/chunk-HJKF5QLQ.js".
"Fragment" is imported from external module "react/jsx-runtime" but never used 
in "dist/chunk-HJKF5QLQ.js".
"createPortal" is imported from external module "react-dom" but never used in 
"dist/chunk-HJKF5QLQ.js".
[32mCJS[39m [1mdist\features\checkout\index.cjs         [22m[32m3.48 KB[39m
[32mCJS[39m [1mdist\features\homepage\index.cjs         [22m[32m147.42 KB[39m
[32mCJS[39m [1mdist\chunk-SDO22I4Q.cjs                  [22m[32m11.44 KB[39m
[32mCJS[39m [1mdist\features\cart\index.cjs             [22m[32m13.00 KB[39m
[32mCJS[39m [1mdist\chunk-3HH24R7T.cjs                  [22m[32m5.47 KB[39m
[32mCJS[39m [1mdist\features\categories\index.cjs       [22m[32m30.90 KB[39m
[32mCJS[39m [1mdist\features\collections\index.cjs      [22m[32m6.68 KB[39m
[32mCJS[39m [1mdist\chunk-LGHAZSD7.cjs                  [22m[32m57.42 KB[39m
[32mCJS[39m [1mdist\features\consultation\index.cjs     [22m[32m9.45 KB[39m
[32mCJS[39m [1mdist\features\faq\index.cjs              [22m[32m35.09 KB[39m
[32mCJS[39m [1mdist\features\events\index.cjs           [22m[32m21.43 KB[39m
[32mCJS[39m [1mdist\features\corporate\index.cjs        [22m[32m10.13 KB[39m
[32mCJS[39m [1mdist\features\checkout\index.cjs.map     [22m[32m6.39 KB[39m
[32mCJS[39m [1mdist\chunk-SDO22I4Q.cjs.map              [22m[32m35.21 KB[39m
[32mCJS[39m [1mdist\features\cart\index.cjs.map         [22m[32m26.86 KB[39m
[32mCJS[39m [1mdist\features\homepage\index.cjs.map     [22m[32m249.71 KB[39m
[32mCJS[39m [1mdist\features\collections\index.cjs.map  [22m[32m14.52 KB[39m
[32mCJS[39m [1mdist\chunk-LGHAZSD7.cjs.map              [22m[32m139.35 KB[39m
[32mCJS[39m [1mdist\features\consultation\index.cjs.map [22m[32m19.75 KB[39m
[32mCJS[39m [1mdist\features\categories\index.cjs.map   [22m[32m71.73 KB[39m
[32mCJS[39m [1mdist\chunk-3HH24R7T.cjs.map              [22m[32m12.41 KB[39m
[32mCJS[39m [1mdist\features\faq\index.cjs.map          [22m[32m68.15 KB[39m
[32mCJS[39m [1mdist\features\events\index.cjs.map       [22m[32m48.69 KB[39m
[32mCJS[39m [1mdist\features\corporate\index.cjs.map    [22m[32m20.22 KB[39m
[32mCJS[39m ÔÜí´©Å Build success in 1733ms
[32mESM[39m [1mdist\chunk-CJDY2NKK.js                  [22m[32m11.34 KB[39m
[32mESM[39m [1mdist\features\checkout\index.js         [22m[32m2.93 KB[39m
[32mESM[39m [1mdist\features\collections\index.js      [22m[32m6.04 KB[39m
[32mESM[39m [1mdist\features\categories\index.js       [22m[32m28.16 KB[39m
[32mESM[39m [1mdist\chunk-LTNWMMTZ.js                  [22m[32m5.13 KB[39m
[32mESM[39m [1mdist\features\consultation\index.js     [22m[32m8.42 KB[39m
[32mESM[39m [1mdist\features\events\index.js           [22m[32m19.60 KB[39m
[32mESM[39m [1mdist\features\cart\index.js             [22m[32m11.67 KB[39m
[32mESM[39m [1mdist\chunk-HJKF5QLQ.js                  [22m[32m56.16 KB[39m
[32mESM[39m [1mdist\features\faq\index.js              [22m[32m31.97 KB[39m
[32mESM[39m [1mdist\features\corporate\index.js        [22m[32m9.12 KB[39m
[32mESM[39m [1mdist\features\homepage\index.js         [22m[32m136.96 KB[39m
[32mESM[39m [1mdist\features\checkout\index.js.map     [22m[32m6.24 KB[39m
[32mESM[39m [1mdist\features\collections\index.js.map  [22m[32m14.39 KB[39m
[32mESM[39m [1mdist\features\consultation\index.js.map [22m[32m19.54 KB[39m
[32mESM[39m [1mdist\chunk-CJDY2NKK.js.map              [22m[32m35.15 KB[39m
[32mESM[39m [1mdist\chunk-LTNWMMTZ.js.map              [22m[32m12.33 KB[39m
[32mESM[39m [1mdist\features\categories\index.js.map   [22m[32m71.37 KB[39m
[32mESM[39m [1mdist\features\cart\index.js.map         [22m[32m26.62 KB[39m
[32mESM[39m [1mdist\features\events\index.js.map       [22m[32m48.40 KB[39m
[32mESM[39m [1mdist\features\corporate\index.js.map    [22m[32m20.01 KB[39m
[32mESM[39m [1mdist\features\faq\index.js.map          [22m[32m67.81 KB[39m
[32mESM[39m [1mdist\chunk-HJKF5QLQ.js.map              [22m[32m139.23 KB[39m
[32mESM[39m [1mdist\features\homepage\index.js.map     [22m[32m248.75 KB[39m
[32mESM[39m ÔÜí´©Å Build success in 1734ms
[32mDTS[39m ÔÜí´©Å Build success in 24341ms
[32mDTS[39m [1mdist\features\cart\index.d.ts          [22m[32m10.49 KB[39m
[32mDTS[39m [1mdist\features\categories\index.d.ts    [22m[32m17.88 KB[39m
[32mDTS[39m [1mdist\features\checkout\index.d.ts      [22m[32m1.96 KB[39m
[32mDTS[39m [1mdist\features\collections\index.d.ts   [22m[32m4.95 KB[39m
[32mDTS[39m [1mdist\features\consultation\index.d.ts  [22m[32m6.34 KB[39m
[32mDTS[39m [1mdist\features\corporate\index.d.ts     [22m[32m6.66 KB[39m
[32mDTS[39m [1mdist\features\events\index.d.ts        [22m[32m18.50 KB[39m
[32mDTS[39m [1mdist\features\faq\index.d.ts           [22m[32m19.90 KB[39m
[32mDTS[39m [1mdist\features\homepage\index.d.ts      [22m[32m13.16 KB[39m
[32mDTS[39m [1mdist\extend-D_0wzsse.d.ts              [22m[32m3.00 KB[39m
[32mDTS[39m [1mdist\repository-jKU_Ji1P.d.ts          [22m[32m1.62 KB[39m
[32mDTS[39m [1mdist\feature-RWXQ_lnf.d.ts             [22m[32m1.36 KB[39m
[32mDTS[39m [1mdist\features\cart\index.d.cts         [22m[32m10.49 KB[39m
[32mDTS[39m [1mdist\features\categories\index.d.cts   [22m[32m17.89 KB[39m
[32mDTS[39m [1mdist\features\checkout\index.d.cts     [22m[32m1.96 KB[39m
[32mDTS[39m [1mdist\features\collections\index.d.cts  [22m[32m4.95 KB[39m
[32mDTS[39m [1mdist\features\consultation\index.d.cts [22m[32m6.34 KB[39m
[32mDTS[39m [1mdist\features\corporate\index.d.cts    [22m[32m6.67 KB[39m
[32mDTS[39m [1mdist\features\events\index.d.cts       [22m[32m18.50 KB[39m
[32mDTS[39m [1mdist\features\faq\index.d.cts          [22m[32m19.90 KB[39m
[32mDTS[39m [1mdist\features\homepage\index.d.cts     [22m[32m13.16 KB[39m
[32mDTS[39m [1mdist\extend-D_0wzsse.d.cts             [22m[32m3.00 KB[39m
[32mDTS[39m [1mdist\repository-jKU_Ji1P.d.cts         [22m[32m1.62 KB[39m
[32mDTS[39m [1mdist\feature-RWXQ_lnf.d.cts            [22m[32m1.36 KB[39m
[34mCLI[39m Building entry: {"features/loyalty/index":"src/features/loyalty/index.ts","features/orders/index":"src/features/orders/index.ts","features/payments/index":"src/features/payments/index.ts","features/products/index":"src/features/products/index.ts","features/promotions/index":"src/features/promotions/index.ts","features/reviews/index":"src/features/reviews/index.ts","features/search/index":"src/features/search/index.ts","features/seller/index":"src/features/seller/index.ts"}
[34mCLI[39m Using tsconfig: tsconfig.json
[34mCLI[39m tsup v8.5.1
[34mCLI[39m Using tsup config: D:\proj\appkit\tsup.config.ts
[34mCLI[39m Target: es2017
[34mESM[39m Build start
[34mCJS[39m Build start
[34mDTS[39m Build start
"NextResponse" is imported from external module "next/server" but never used 
in "dist/chunk-46I2WW7J.cjs".
"useMemo" is imported from external module "react" but never used in 
"dist/chunk-PPH3B7DU.cjs".
"default" is imported from external module "next/link" but never used in 
"dist/chunk-PPH3B7DU.cjs".
"NextResponse" is imported from external module "next/server" but never used 
in "dist/chunk-M7DAJ43J.js".
"useMemo" is imported from external module "react" but never used in 
"dist/chunk-YMO4IBHO.js".
"default" is imported from external module "next/link" but never used in 
"dist/chunk-YMO4IBHO.js".
[32mCJS[39m [1mdist\features\payments\index.cjs       [22m[32m4.52 KB[39m
[32mCJS[39m [1mdist\features\orders\index.cjs         [22m[32m12.80 KB[39m
[32mCJS[39m [1mdist\features\loyalty\index.cjs        [22m[32m6.32 KB[39m
[32mCJS[39m [1mdist\features\products\index.cjs       [22m[32m38.51 KB[39m
[32mCJS[39m [1mdist\features\search\index.cjs         [22m[32m18.27 KB[39m
[32mCJS[39m [1mdist\features\reviews\index.cjs        [22m[32m30.66 KB[39m
[32mCJS[39m [1mdist\features\seller\index.cjs         [22m[32m23.54 KB[39m
[32mCJS[39m [1mdist\chunk-46I2WW7J.cjs                [22m[32m11.49 KB[39m
[32mCJS[39m [1mdist\chunk-PPH3B7DU.cjs                [22m[32m37.07 KB[39m
[32mCJS[39m [1mdist\features\promotions\index.cjs     [22m[32m14.83 KB[39m
[32mCJS[39m [1mdist\chunk-JZBWATVR.cjs                [22m[32m5.47 KB[39m
[32mCJS[39m [1mdist\chunk-S367Y35J.cjs                [22m[32m1.45 KB[39m
[32mCJS[39m [1mdist\features\loyalty\index.cjs.map    [22m[32m13.63 KB[39m
[32mCJS[39m [1mdist\features\payments\index.cjs.map   [22m[32m10.61 KB[39m
[32mCJS[39m [1mdist\features\search\index.cjs.map     [22m[32m39.14 KB[39m
[32mCJS[39m [1mdist\features\products\index.cjs.map   [22m[32m89.10 KB[39m
[32mCJS[39m [1mdist\features\reviews\index.cjs.map    [22m[32m65.50 KB[39m
[32mCJS[39m [1mdist\features\seller\index.cjs.map     [22m[32m52.83 KB[39m
[32mCJS[39m [1mdist\features\orders\index.cjs.map     [22m[32m25.20 KB[39m
[32mCJS[39m [1mdist\chunk-46I2WW7J.cjs.map            [22m[32m35.21 KB[39m
[32mCJS[39m [1mdist\chunk-PPH3B7DU.cjs.map            [22m[32m101.31 KB[39m
[32mCJS[39m [1mdist\chunk-JZBWATVR.cjs.map            [22m[32m12.41 KB[39m
[32mCJS[39m [1mdist\features\promotions\index.cjs.map [22m[32m33.19 KB[39m
[32mCJS[39m [1mdist\chunk-S367Y35J.cjs.map            [22m[32m79.00 B[39m
[32mCJS[39m ÔÜí´©Å Build success in 1549ms
[32mESM[39m [1mdist\features\loyalty\index.js        [22m[32m5.64 KB[39m
[32mESM[39m [1mdist\features\payments\index.js       [22m[32m4.13 KB[39m
[32mESM[39m [1mdist\features\promotions\index.js     [22m[32m13.36 KB[39m
[32mESM[39m [1mdist\features\orders\index.js         [22m[32m11.33 KB[39m
[32mESM[39m [1mdist\features\products\index.js       [22m[32m35.59 KB[39m
[32mESM[39m [1mdist\features\reviews\index.js        [22m[32m27.37 KB[39m
[32mESM[39m [1mdist\chunk-M7DAJ43J.js                [22m[32m11.38 KB[39m
[32mESM[39m [1mdist\features\search\index.js         [22m[32m16.70 KB[39m
[32mESM[39m [1mdist\features\seller\index.js         [22m[32m21.52 KB[39m
[32mESM[39m [1mdist\chunk-2NMEKWO5.js                [22m[32m1.38 KB[39m
[32mESM[39m [1mdist\chunk-6TBLHSTD.js                [22m[32m5.13 KB[39m
[32mESM[39m [1mdist\chunk-YMO4IBHO.js                [22m[32m35.10 KB[39m
[32mESM[39m [1mdist\features\payments\index.js.map   [22m[32m10.55 KB[39m
[32mESM[39m [1mdist\features\loyalty\index.js.map    [22m[32m13.51 KB[39m
[32mESM[39m [1mdist\features\orders\index.js.map     [22m[32m24.96 KB[39m
[32mESM[39m [1mdist\features\promotions\index.js.map [22m[32m32.95 KB[39m
[32mESM[39m [1mdist\features\products\index.js.map   [22m[32m88.67 KB[39m
[32mESM[39m [1mdist\features\reviews\index.js.map    [22m[32m65.03 KB[39m
[32mESM[39m [1mdist\chunk-M7DAJ43J.js.map            [22m[32m35.15 KB[39m
[32mESM[39m [1mdist\features\search\index.js.map     [22m[32m38.82 KB[39m
[32mESM[39m [1mdist\features\seller\index.js.map     [22m[32m52.56 KB[39m
[32mESM[39m [1mdist\chunk-2NMEKWO5.js.map            [22m[32m78.00 B[39m
[32mESM[39m [1mdist\chunk-6TBLHSTD.js.map            [22m[32m12.33 KB[39m
[32mESM[39m [1mdist\chunk-YMO4IBHO.js.map            [22m[32m101.06 KB[39m
[32mESM[39m ÔÜí´©Å Build success in 1551ms
[32mDTS[39m ÔÜí´©Å Build success in 21354ms
[32mDTS[39m [1mdist\features\loyalty\index.d.ts     [22m[32m6.56 KB[39m
[32mDTS[39m [1mdist\features\orders\index.d.ts      [22m[32m12.71 KB[39m
[32mDTS[39m [1mdist\features\payments\index.d.ts    [22m[32m5.22 KB[39m
[32mDTS[39m [1mdist\features\products\index.d.ts    [22m[32m28.81 KB[39m
[32mDTS[39m [1mdist\features\promotions\index.d.ts  [22m[32m10.33 KB[39m
[32mDTS[39m [1mdist\features\reviews\index.d.ts     [22m[32m14.74 KB[39m
[32mDTS[39m [1mdist\features\search\index.d.ts      [22m[32m8.77 KB[39m
[32mDTS[39m [1mdist\features\seller\index.d.ts      [22m[32m19.16 KB[39m
[32mDTS[39m [1mdist\extend-jcOQfU2G.d.ts            [22m[32m5.97 KB[39m
[32mDTS[39m [1mdist\features\loyalty\index.d.cts    [22m[32m6.56 KB[39m
[32mDTS[39m [1mdist\features\orders\index.d.cts     [22m[32m12.72 KB[39m
[32mDTS[39m [1mdist\features\payments\index.d.cts   [22m[32m5.22 KB[39m
[32mDTS[39m [1mdist\features\products\index.d.cts   [22m[32m28.81 KB[39m
[32mDTS[39m [1mdist\features\promotions\index.d.cts [22m[32m10.33 KB[39m
[32mDTS[39m [1mdist\features\reviews\index.d.cts    [22m[32m14.74 KB[39m
[32mDTS[39m [1mdist\features\search\index.d.cts     [22m[32m8.77 KB[39m
[32mDTS[39m [1mdist\features\seller\index.d.cts     [22m[32m19.16 KB[39m
[32mDTS[39m [1mdist\extend-jcOQfU2G.d.cts           [22m[32m5.97 KB[39m
[34mCLI[39m Building entry: {"features/stores/index":"src/features/stores/index.ts","features/wishlist/index":"src/features/wishlist/index.ts","features/auctions/index":"src/features/auctions/index.ts","features/pre-orders/index":"src/features/pre-orders/index.ts","features/before-after/index":"src/features/before-after/index.ts","features/whatsapp-bot/index":"src/features/whatsapp-bot/index.ts","cli/index":"src/cli/index.ts","seed/index":"src/seed/index.ts"}
[34mCLI[39m Using tsconfig: tsconfig.json
[34mCLI[39m tsup v8.5.1
[34mCLI[39m Using tsup config: D:\proj\appkit\tsup.config.ts
[34mCLI[39m Target: es2017
[34mESM[39m Build start
[34mCJS[39m Build start
[34mDTS[39m Build start
"useMemo", "useState", "useEffect", "useRef", "useCallback" and "useId" are 
imported from external module "react" but never used in 
"dist/chunk-2W345NC4.cjs".
"Fragment" is imported from external module "react/jsx-runtime" but never used 
in "dist/chunk-2W345NC4.cjs".
"default" is imported from external module "next/link" but never used in 
"dist/chunk-2W345NC4.cjs".
"createPortal" is imported from external module "react-dom" but never used in 
"dist/chunk-2W345NC4.cjs".
"useMemo", "useState", "useEffect", "useRef", "useCallback" and "useId" are 
imported from external module "react" but never used in 
"dist/chunk-7CBT5ZPV.js".
"Fragment" is imported from external module "react/jsx-runtime" but never used 
in "dist/chunk-7CBT5ZPV.js".
"default" is imported from external module "next/link" but never used in 
"dist/chunk-7CBT5ZPV.js".
"createPortal" is imported from external module "react-dom" but never used in 
"dist/chunk-7CBT5ZPV.js".
[32mCJS[39m [1mdist\chunk-2W345NC4.cjs                  [22m[32m13.33 KB[39m
[32mCJS[39m [1mdist\features\pre-orders\index.cjs       [22m[32m10.27 KB[39m
[32mCJS[39m [1mdist\features\stores\index.cjs           [22m[32m39.45 KB[39m
[32mCJS[39m [1mdist\features\wishlist\index.cjs         [22m[32m13.18 KB[39m
[32mCJS[39m [1mdist\features\whatsapp-bot\index.cjs     [22m[32m7.50 KB[39m
[32mCJS[39m [1mdist\chunk-VZWEB2CP.cjs                  [22m[32m5.43 KB[39m
[32mCJS[39m [1mdist\features\auctions\index.cjs         [22m[32m15.17 KB[39m
[32mCJS[39m [1mdist\features\before-after\index.cjs     [22m[32m8.38 KB[39m
[32mCJS[39m [1mdist\chunk-S367Y35J.cjs                  [22m[32m1.45 KB[39m
[32mCJS[39m [1mdist\seed\index.cjs                      [22m[32m35.13 KB[39m
[32mCJS[39m [1mdist\cli\index.cjs                       [22m[32m4.44 KB[39m
[32mCJS[39m [1mdist\features\pre-orders\index.cjs.map   [22m[32m22.79 KB[39m
[32mCJS[39m [1mdist\chunk-2W345NC4.cjs.map              [22m[32m37.42 KB[39m
[32mCJS[39m [1mdist\features\stores\index.cjs.map       [22m[32m88.51 KB[39m
[32mCJS[39m [1mdist\features\wishlist\index.cjs.map     [22m[32m29.15 KB[39m
[32mCJS[39m [1mdist\features\whatsapp-bot\index.cjs.map [22m[32m14.29 KB[39m
[32mCJS[39m [1mdist\chunk-VZWEB2CP.cjs.map              [22m[32m12.41 KB[39m
[32mCJS[39m [1mdist\chunk-S367Y35J.cjs.map              [22m[32m79.00 B[39m
[32mCJS[39m [1mdist\features\before-after\index.cjs.map [22m[32m17.81 KB[39m
[32mCJS[39m [1mdist\features\auctions\index.cjs.map     [22m[32m32.20 KB[39m
[32mCJS[39m [1mdist\cli\index.cjs.map                   [22m[32m11.85 KB[39m
[32mCJS[39m [1mdist\seed\index.cjs.map                  [22m[32m85.82 KB[39m
[32mCJS[39m ÔÜí´©Å Build success in 1420ms
[32mESM[39m [1mdist\features\wishlist\index.js         [22m[32m11.81 KB[39m
[32mESM[39m [1mdist\features\stores\index.js           [22m[32m36.27 KB[39m
[32mESM[39m [1mdist\cli\index.js                       [22m[32m4.31 KB[39m
[32mESM[39m [1mdist\features\pre-orders\index.js       [22m[32m9.30 KB[39m
[32mESM[39m [1mdist\features\auctions\index.js         [22m[32m13.83 KB[39m
[32mESM[39m [1mdist\chunk-OVDUS33P.js                  [22m[32m5.11 KB[39m
[32mESM[39m [1mdist\features\before-after\index.js     [22m[32m7.59 KB[39m
[32mESM[39m [1mdist\features\whatsapp-bot\index.js     [22m[32m7.05 KB[39m
[32mESM[39m [1mdist\seed\index.js                      [22m[32m33.57 KB[39m
[32mESM[39m [1mdist\chunk-7CBT5ZPV.js                  [22m[32m12.36 KB[39m
[32mESM[39m [1mdist\chunk-2NMEKWO5.js                  [22m[32m1.38 KB[39m
[32mESM[39m [1mdist\features\wishlist\index.js.map     [22m[32m28.97 KB[39m
[32mESM[39m [1mdist\cli\index.js.map                   [22m[32m11.81 KB[39m
[32mESM[39m [1mdist\features\stores\index.js.map       [22m[32m88.15 KB[39m
[32mESM[39m [1mdist\features\pre-orders\index.js.map   [22m[32m22.59 KB[39m
[32mESM[39m [1mdist\features\auctions\index.js.map     [22m[32m31.92 KB[39m
[32mESM[39m [1mdist\features\before-after\index.js.map [22m[32m17.67 KB[39m
[32mESM[39m [1mdist\features\whatsapp-bot\index.js.map [22m[32m14.22 KB[39m
[32mESM[39m [1mdist\chunk-OVDUS33P.js.map              [22m[32m12.34 KB[39m
[32mESM[39m [1mdist\seed\index.js.map                  [22m[32m85.67 KB[39m
[32mESM[39m [1mdist\chunk-2NMEKWO5.js.map              [22m[32m78.00 B[39m
[32mESM[39m [1mdist\chunk-7CBT5ZPV.js.map              [22m[32m37.25 KB[39m
[32mESM[39m ÔÜí´©Å Build success in 1422ms
[32mDTS[39m ÔÜí´©Å Build success in 16664ms
[32mDTS[39m [1mdist\features\stores\index.d.ts        [22m[32m17.28 KB[39m
[32mDTS[39m [1mdist\features\wishlist\index.d.ts      [22m[32m12.32 KB[39m
[32mDTS[39m [1mdist\features\auctions\index.d.ts      [22m[32m8.75 KB[39m
[32mDTS[39m [1mdist\features\pre-orders\index.d.ts    [22m[32m4.76 KB[39m
[32mDTS[39m [1mdist\features\before-after\index.d.ts  [22m[32m4.27 KB[39m
[32mDTS[39m [1mdist\features\whatsapp-bot\index.d.ts  [22m[32m3.14 KB[39m
[32mDTS[39m [1mdist\cli\index.d.ts                    [22m[32m1.66 KB[39m
[32mDTS[39m [1mdist\seed\index.d.ts                   [22m[32m13.46 KB[39m
[32mDTS[39m [1mdist\extend-D57fwPSu.d.ts              [22m[32m4.61 KB[39m
[32mDTS[39m [1mdist\feature-DENiK3vd.d.ts             [22m[32m1.69 KB[39m
[32mDTS[39m [1mdist\features\stores\index.d.cts       [22m[32m17.28 KB[39m
[32mDTS[39m [1mdist\features\wishlist\index.d.cts     [22m[32m12.32 KB[39m
[32mDTS[39m [1mdist\features\auctions\index.d.cts     [22m[32m8.75 KB[39m
[32mDTS[39m [1mdist\features\pre-orders\index.d.cts   [22m[32m4.76 KB[39m
[32mDTS[39m [1mdist\features\before-after\index.d.cts [22m[32m4.27 KB[39m
[32mDTS[39m [1mdist\features\whatsapp-bot\index.d.cts [22m[32m3.14 KB[39m
[32mDTS[39m [1mdist\cli\index.d.cts                   [22m[32m1.66 KB[39m
[32mDTS[39m [1mdist\seed\index.d.cts                  [22m[32m13.46 KB[39m
[32mDTS[39m [1mdist\extend-D57fwPSu.d.cts             [22m[32m4.61 KB[39m
[32mDTS[39m [1mdist\feature-DENiK3vd.d.cts            [22m[32m1.69 KB[39m
[34mCLI[39m Building entry: {"features/auth/server":"src/features/auth/server.ts","features/blog/server":"src/features/blog/server.ts","features/categories/server":"src/features/categories/server.ts","features/events/server":"src/features/events/server.ts","features/homepage/server":"src/features/homepage/server.ts","features/pre-orders/server":"src/features/pre-orders/server.ts","features/products/server":"src/features/products/server.ts","features/reviews/server":"src/features/reviews/server.ts","features/search/server":"src/features/search/server.ts","features/stores/server":"src/features/stores/server.ts"}
[34mCLI[39m Using tsconfig: tsconfig.json
[34mCLI[39m tsup v8.5.1
[34mCLI[39m Using tsup config: D:\proj\appkit\tsup.config.ts
[34mCLI[39m Target: es2017
[34mESM[39m Build start
[34mCJS[39m Build start
"NextResponse" is imported from external module "next/server" but never used 
in "dist/features/auth/server.cjs".
"NextResponse" is imported from external module "next/server" but never used 
in "dist/features/categories/server.cjs".
"NextResponse" is imported from external module "next/server" but never used 
in "dist/features/homepage/server.cjs".
"NextResponse" is imported from external module "next/server" but never used 
in "dist/features/products/server.cjs".
"NextResponse" is imported from external module "next/server" but never used 
in "dist/features/reviews/server.cjs".
"NextResponse" is imported from external module "next/server" but never used 
in "dist/features/auth/server.js".
"NextResponse" is imported from external module "next/server" but never used 
in "dist/features/categories/server.js".
"NextResponse" is imported from external module "next/server" but never used 
in "dist/features/homepage/server.js".
"NextResponse" is imported from external module "next/server" but never used 
in "dist/features/products/server.js".
"NextResponse" is imported from external module "next/server" but never used 
in "dist/features/reviews/server.js".
[34mDTS[39m Build start
[32mCJS[39m [1mdist\features\blog\server.cjs           [22m[32m5.51 KB[39m
[32mCJS[39m [1mdist\features\categories\server.cjs     [22m[32m22.28 KB[39m
[32mCJS[39m [1mdist\features\events\server.cjs         [22m[32m6.53 KB[39m
[32mCJS[39m [1mdist\features\products\server.cjs       [22m[32m22.22 KB[39m
[32mCJS[39m [1mdist\features\pre-orders\server.cjs     [22m[32m3.43 KB[39m
[32mCJS[39m [1mdist\features\auth\server.cjs           [22m[32m13.09 KB[39m
[32mCJS[39m [1mdist\features\homepage\server.cjs       [22m[32m29.05 KB[39m
[32mCJS[39m [1mdist\features\stores\server.cjs         [22m[32m14.76 KB[39m
[32mCJS[39m [1mdist\features\reviews\server.cjs        [22m[32m21.12 KB[39m
[32mCJS[39m [1mdist\features\search\server.cjs         [22m[32m5.53 KB[39m
[32mCJS[39m [1mdist\features\events\server.cjs.map     [22m[32m14.86 KB[39m
[32mCJS[39m [1mdist\features\blog\server.cjs.map       [22m[32m13.90 KB[39m
[32mCJS[39m [1mdist\features\categories\server.cjs.map [22m[32m61.80 KB[39m
[32mCJS[39m [1mdist\features\homepage\server.cjs.map   [22m[32m78.08 KB[39m
[32mCJS[39m [1mdist\features\stores\server.cjs.map     [22m[32m37.88 KB[39m
[32mCJS[39m [1mdist\features\auth\server.cjs.map       [22m[32m39.88 KB[39m
[32mCJS[39m [1mdist\features\products\server.cjs.map   [22m[32m62.63 KB[39m
[32mCJS[39m [1mdist\features\reviews\server.cjs.map    [22m[32m58.81 KB[39m
[32mCJS[39m [1mdist\features\search\server.cjs.map     [22m[32m13.07 KB[39m
[32mCJS[39m [1mdist\features\pre-orders\server.cjs.map [22m[32m7.24 KB[39m
[32mCJS[39m ÔÜí´©Å Build success in 636ms
[32mESM[39m [1mdist\features\pre-orders\server.js     [22m[32m3.33 KB[39m
[32mESM[39m [1mdist\features\blog\server.js           [22m[32m5.41 KB[39m
[32mESM[39m [1mdist\features\auth\server.js           [22m[32m13.00 KB[39m
[32mESM[39m [1mdist\features\events\server.js         [22m[32m6.43 KB[39m
[32mESM[39m [1mdist\features\stores\server.js         [22m[32m14.52 KB[39m
[32mESM[39m [1mdist\features\search\server.js         [22m[32m5.43 KB[39m
[32mESM[39m [1mdist\features\products\server.js       [22m[32m21.82 KB[39m
[32mESM[39m [1mdist\features\homepage\server.js       [22m[32m28.17 KB[39m
[32mESM[39m [1mdist\features\categories\server.js     [22m[32m21.82 KB[39m
[32mESM[39m [1mdist\features\reviews\server.js        [22m[32m20.68 KB[39m
[32mESM[39m [1mdist\features\blog\server.js.map       [22m[32m13.88 KB[39m
[32mESM[39m [1mdist\features\events\server.js.map     [22m[32m14.84 KB[39m
[32mESM[39m [1mdist\features\search\server.js.map     [22m[32m13.05 KB[39m
[32mESM[39m [1mdist\features\auth\server.js.map       [22m[32m39.87 KB[39m
[32mESM[39m [1mdist\features\stores\server.js.map     [22m[32m37.85 KB[39m
[32mESM[39m [1mdist\features\pre-orders\server.js.map [22m[32m7.21 KB[39m
[32mESM[39m [1mdist\features\homepage\server.js.map   [22m[32m78.03 KB[39m
[32mESM[39m [1mdist\features\categories\server.js.map [22m[32m61.76 KB[39m
[32mESM[39m [1mdist\features\reviews\server.js.map    [22m[32m58.77 KB[39m
[32mESM[39m [1mdist\features\products\server.js.map   [22m[32m62.59 KB[39m
[32mESM[39m ÔÜí´©Å Build success in 637ms
[32mDTS[39m ÔÜí´©Å Build success in 11744ms
[32mDTS[39m [1mdist\features\auth\server.d.ts        [22m[32m707.00 B[39m
[32mDTS[39m [1mdist\features\blog\server.d.ts        [22m[32m1.53 KB[39m
[32mDTS[39m [1mdist\features\categories\server.d.ts  [22m[32m1.45 KB[39m
[32mDTS[39m [1mdist\features\events\server.d.ts      [22m[32m1.09 KB[39m
[32mDTS[39m [1mdist\features\homepage\server.d.ts    [22m[32m3.86 KB[39m
[32mDTS[39m [1mdist\features\pre-orders\server.d.ts  [22m[32m442.00 B[39m
[32mDTS[39m [1mdist\features\products\server.d.ts    [22m[32m1.57 KB[39m
[32mDTS[39m [1mdist\features\reviews\server.d.ts     [22m[32m1.51 KB[39m
[32mDTS[39m [1mdist\features\search\server.d.ts      [22m[32m2.24 KB[39m
[32mDTS[39m [1mdist\features\stores\server.d.ts      [22m[32m3.02 KB[39m
[32mDTS[39m [1mdist\feature-C8mVv66I.d.ts            [22m[32m2.99 KB[39m
[32mDTS[39m [1mdist\features\auth\server.d.cts       [22m[32m707.00 B[39m
[32mDTS[39m [1mdist\features\blog\server.d.cts       [22m[32m1.53 KB[39m
[32mDTS[39m [1mdist\features\categories\server.d.cts [22m[32m1.45 KB[39m
[32mDTS[39m [1mdist\features\events\server.d.cts     [22m[32m1.09 KB[39m
[32mDTS[39m [1mdist\features\homepage\server.d.cts   [22m[32m3.87 KB[39m
[32mDTS[39m [1mdist\features\pre-orders\server.d.cts [22m[32m442.00 B[39m
[32mDTS[39m [1mdist\features\products\server.d.cts   [22m[32m1.57 KB[39m
[32mDTS[39m [1mdist\features\reviews\server.d.cts    [22m[32m1.51 KB[39m
[32mDTS[39m [1mdist\features\search\server.d.cts     [22m[32m2.25 KB[39m
[32mDTS[39m [1mdist\features\stores\server.d.cts     [22m[32m3.02 KB[39m
[32mDTS[39m [1mdist\feature-C8mVv66I.d.cts           [22m[32m2.99 KB[39m
[34mCLI[39m Building entry: {"react/index":"src/react/index.ts","ui/index":"src/ui/index.ts"}
[34mCLI[39m Using tsconfig: tsconfig.json
[34mCLI[39m tsup v8.5.1
[34mCLI[39m Using tsup config: D:\proj\appkit\tsup.config.ts
[34mCLI[39m Target: es2017
[34mESM[39m Build start
[34mCJS[39m Build start
[34mDTS[39m Build start
dist/react/index.js (1:0): Module level directives cause errors when bundled, 
"use client" in "dist/react/index.js" was ignored.
dist/ui/index.js (1:0): Module level directives cause errors when bundled, 
"use client" in "dist/ui/index.js" was ignored.
dist/ui/index.js (2:0): Module level directives cause errors when bundled, 
"use client" in "dist/ui/index.js" was ignored.
dist/react/index.cjs (1:0): Module level directives cause errors when bundled, 
"use client" in "dist/react/index.cjs" was ignored.
dist/ui/index.cjs (1:0): Module level directives cause errors when bundled, 
"use client" in "dist/ui/index.cjs" was ignored.
dist/ui/index.cjs (2:0): Module level directives cause errors when bundled, 
"use client" in "dist/ui/index.cjs" was ignored.
[32mCJS[39m [1mdist\react\index.cjs     [22m[32m39.88 KB[39m
[32mCJS[39m [1mdist\ui\index.cjs        [22m[32m147.54 KB[39m
[32mCJS[39m [1mdist\react\index.cjs.map [22m[32m113.70 KB[39m
[32mCJS[39m [1mdist\ui\index.cjs.map    [22m[32m351.97 KB[39m
[32mCJS[39m ÔÜí´©Å Build success in 1373ms
[32mESM[39m [1mdist\react\index.js     [22m[32m38.60 KB[39m
[32mESM[39m [1mdist\ui\index.js        [22m[32m141.96 KB[39m
[32mESM[39m [1mdist\react\index.js.map [22m[32m113.57 KB[39m
[32mESM[39m [1mdist\ui\index.js.map    [22m[32m351.84 KB[39m
[32mESM[39m ÔÜí´©Å Build success in 1374ms
[32mDTS[39m ÔÜí´©Å Build success in 4618ms
[32mDTS[39m [1mdist\react\index.d.ts  [22m[32m26.14 KB[39m
[32mDTS[39m [1mdist\ui\index.d.ts     [22m[32m62.81 KB[39m
[32mDTS[39m [1mdist\react\index.d.cts [22m[32m26.14 KB[39m
[32mDTS[39m [1mdist\ui\index.d.cts    [22m[32m62.81 KB[39m
[34mCLI[39m Building entry: {"features/about/index":"src/features/about/index.ts","features/contact/index":"src/features/contact/index.ts","features/copilot/index":"src/features/copilot/index.ts"}
[34mCLI[39m Using tsconfig: tsconfig.json
[34mCLI[39m tsup v8.5.1
[34mCLI[39m Using tsup config: D:\proj\appkit\tsup.config.ts
[34mCLI[39m Target: es2017
[34mESM[39m Build start
[34mCJS[39m Build start
[34mDTS[39m Build start
"useMemo", "useState", "useEffect", "useRef", "useCallback" and "useId" are 
imported from external module "react" but never used in 
"dist/chunk-GMGFIJWX.js".
"Fragment" is imported from external module "react/jsx-runtime" but never used 
in "dist/chunk-GMGFIJWX.js".
"default" is imported from external module "next/link" but never used in 
"dist/chunk-GMGFIJWX.js".
"createPortal" is imported from external module "react-dom" but never used in 
"dist/chunk-GMGFIJWX.js".
"useMemo", "useState", "useEffect", "useRef", "useCallback" and "useId" are 
imported from external module "react" but never used in 
"dist/chunk-6IEJCHM4.cjs".
"Fragment" is imported from external module "react/jsx-runtime" but never used 
in "dist/chunk-6IEJCHM4.cjs".
"default" is imported from external module "next/link" but never used in 
"dist/chunk-6IEJCHM4.cjs".
"createPortal" is imported from external module "react-dom" but never used in 
"dist/chunk-6IEJCHM4.cjs".
[32mESM[39m [1mdist\features\contact\index.js     [22m[32m7.94 KB[39m
[32mESM[39m [1mdist\features\copilot\index.js     [22m[32m11.43 KB[39m
[32mESM[39m [1mdist\features\about\index.js       [22m[32m4.58 KB[39m
[32mESM[39m [1mdist\chunk-GMGFIJWX.js             [22m[32m13.65 KB[39m
[32mESM[39m [1mdist\features\contact\index.js.map [22m[32m16.52 KB[39m
[32mESM[39m [1mdist\features\copilot\index.js.map [22m[32m26.09 KB[39m
[32mESM[39m [1mdist\features\about\index.js.map   [22m[32m8.72 KB[39m
[32mESM[39m [1mdist\chunk-GMGFIJWX.js.map         [22m[32m36.48 KB[39m
[32mESM[39m ÔÜí´©Å Build success in 1085ms
[32mCJS[39m [1mdist\features\about\index.cjs       [22m[32m5.33 KB[39m
[32mCJS[39m [1mdist\features\contact\index.cjs     [22m[32m8.83 KB[39m
[32mCJS[39m [1mdist\chunk-6IEJCHM4.cjs             [22m[32m14.16 KB[39m
[32mCJS[39m [1mdist\features\copilot\index.cjs     [22m[32m12.34 KB[39m
[32mCJS[39m [1mdist\features\contact\index.cjs.map [22m[32m16.72 KB[39m
[32mCJS[39m [1mdist\features\about\index.cjs.map   [22m[32m8.84 KB[39m
[32mCJS[39m [1mdist\features\copilot\index.cjs.map [22m[32m26.33 KB[39m
[32mCJS[39m [1mdist\chunk-6IEJCHM4.cjs.map         [22m[32m36.54 KB[39m
[32mCJS[39m ÔÜí´©Å Build success in 1088ms
[32mDTS[39m ÔÜí´©Å Build success in 7577ms
[32mDTS[39m [1mdist\features\about\index.d.ts    [22m[32m1.16 KB[39m
[32mDTS[39m [1mdist\features\contact\index.d.ts  [22m[32m1.72 KB[39m
[32mDTS[39m [1mdist\features\copilot\index.d.ts  [22m[32m1.44 KB[39m
[32mDTS[39m [1mdist\features\about\index.d.cts   [22m[32m1.16 KB[39m
[32mDTS[39m [1mdist\features\contact\index.d.cts [22m[32m1.72 KB[39m
[32mDTS[39m [1mdist\features\copilot\index.d.cts [22m[32m1.44 KB[39m
